// Jest Snapshot v1, https://goo.gl/fbAQLP

exports[`Otp render should correctly render Otp component 1`] = `
<form class="form-otp">
  <form-field-stub>
    <message-stub data-test="form-message">
      Enter the 6 digit code generated by your authenticator app.
    </message-stub>
  </form-field-stub>
  <!---->
  <form-field-stub>
    <v-input-stub value="" error="Invalid code" autofocus="true" type="number" name="code" placeholder="Enter received code..." data-test="email-input"></v-input-stub>
  </form-field-stub>
  <form-controls-stub><a href="#" data-test="recovery-link">
      Don't know code?
    </a>
    <v-button-stub skin="primary" size="normal" disabled="true" type="submit" data-test="submit-button">
      Submit code
    </v-button-stub>
  </form-controls-stub>
</form>
`;
