// Jest Snapshot v1, https://goo.gl/fbAQLP

exports[`GitAuthButton render should correctly render GitAuthButton component empty if auth2 isn't loaded 1`] = `
<v-button-stub skin="social" size="normal" type="button" data-test="submit-button">
  <v-svg-icon-stub name="github" width="20px" fill="" height="20px"></v-svg-icon-stub>
  GitHub
</v-button-stub>
`;
